PREPARE statepop(char(2)) AS SELECT sum(pop) FROM zips WHERE state = $1;
EXECUTE statepop('CO');
   sum   
---------
 3293755
(1 row)

EXECUTE statepop('RI');
   sum   
---------
 1003218
(1 row)

EXPLAIN (COSTS off) EXECUTE statepop('MA');
                               QUERY PLAN                                
-------------------------------------------------------------------------
 Aggregate
   ->  Foreign Scan on zips
         Quasar query: SELECT "pop" FROM "zips" WHERE (("state" = 'MA'))
(3 rows)

DEALLOCATE statepop;
